// Jest Snapshot v1, https://goo.gl/fbAQLP

exports[`Navbar renders correctly 1`] = `
<nav
  class="navbar navbar-expand-lg navbar-dark bg-primary fixed-top"
>
  <div
    className="container headercss "
  >
    <NavLink
      className="navbar-brand"
      to="/"
    >
      Product Inventory
    </NavLink>
    <button
      aria-controls="navbarSupportedContent"
      aria-expanded="false"
      aria-label="Toggle navigation"
      class="navbar-toggler"
      data-target="#navbarSupportedContent"
      data-toggle="collapse"
      type="button"
    >
      <span
        class="navbar-toggler-icon"
      />
    </button>
    <div
      class="collapse navbar-collapse "
      id="navbarSupportedContent"
    >
      <ul
        class="navbar-nav ml-auto"
      >
        <li
          class="nav-item "
        >
          <NavLink
            className="nav-link"
            to="/login"
          >
            login
          </NavLink>
        </li>
        <li
          class="nav-item"
        >
          <NavLink
            className="nav-link "
            to="/about"
          >
            About
          </NavLink>
        </li>
        <li
          class="nav-item"
        >
          <NavLink
            className="nav-link"
            to="/login"
          >
            Add Product
          </NavLink>
        </li>
      </ul>
    </div>
  </div>
</nav>
`;
